2026-09-21 09:21:06 - root - INFO - Logging initialized. Log file: logs/ground_station.log
2026-09-21 09:21:06 - root - INFO - Directories verified/created.
2026-09-21 09:21:07 - core.ai.fingerprint - INFO - Loaded pre-trained fingerprint models.
2026-09-21 09:21:07 - core.ai.trend_predictor - INFO - Loaded pre-trained trend model (pressure).
2026-09-21 09:21:08 - ui.main_window - INFO - MainWindow initialized.
2026-09-21 09:31:13 - ui.main_window - INFO - Application closed.
2026-09-21 11:11:35 - root - INFO - Logging initialized. Log file: logs/ground_station.log
2026-09-21 11:11:35 - root - INFO - Directories verified/created.
2026-09-21 11:11:35 - core.ai.fingerprint - INFO - Loaded pre-trained fingerprint models.
2026-09-21 11:11:35 - core.ai.trend_predictor - INFO - Loaded pre-trained trend model (pressure).
2026-09-21 11:11:38 - ui.main_window - INFO - MainWindow initialized.
2026-09-21 11:22:37 - ui.commands.command_panel - INFO - Command sent: RESET_GPS
2026-09-21 11:22:41 - ui.commands.command_panel - INFO - Command sent: CXON
2026-09-21 11:22:44 - ui.commands.command_panel - INFO - Command sent: CAL_IMU
2026-09-21 11:22:49 - ui.commands.command_panel - INFO - Command sent: BEACON_ON
2026-09-21 11:22:52 - ui.commands.command_panel - INFO - Command sent: RESET_TIME
2026-09-21 11:27:02 - ui.main_window - INFO - Application closed.
2026-09-21 11:49:51 - root - INFO - Logging initialized. Log file: logs/ground_station.log
2026-09-21 11:49:51 - root - INFO - Directories verified/created.
2026-09-21 11:56:53 - root - INFO - Logging initialized. Log file: logs/ground_station.log
2026-09-21 11:56:53 - root - INFO - Directories verified/created.
2026-09-21 11:56:53 - core.ai.fingerprint - INFO - Loaded pre-trained fingerprint models.
2026-09-21 11:56:53 - core.ai.trend_predictor - INFO - Loaded pre-trained trend model (pressure).
2026-09-21 11:56:55 - ui.main_window - INFO - MainWindow initialized.
2026-09-21 11:57:08 - ui.main_window - INFO - Application closed.
2026-09-21 12:25:12 - root - INFO - Logging initialized. Log file: logs/ground_station.log
2026-09-21 12:25:12 - root - INFO - Directories verified/created.
2026-09-21 12:25:12 - core.ai.fingerprint - INFO - Loaded pre-trained fingerprint models.
2026-09-21 12:25:12 - core.ai.trend_predictor - INFO - Loaded pre-trained trend model (pressure).
2026-09-21 12:25:14 - ui.main_window - INFO - MainWindow initialized.
2026-09-21 12:25:21 - ui.main_window - INFO - Application closed.
2026-09-21 14:58:41 - root - INFO - Logging initialized. Log file: logs/ground_station.log
2026-09-21 14:58:41 - root - INFO - Directories verified/created.
2026-09-21 14:58:42 - core.ai.fingerprint - INFO - Loaded pre-trained fingerprint models.
2026-09-21 14:58:42 - core.ai.trend_predictor - INFO - Loaded pre-trained trend model (pressure).
2026-09-21 14:58:46 - ui.main_window - INFO - MainWindow initialized.
2026-09-21 15:07:05 - ui.main_window - INFO - Application closed.
2026-09-21 15:16:34 - root - INFO - Logging initialized. Log file: logs/ground_station.log
2026-09-21 15:16:34 - root - INFO - Directories verified/created.
2026-09-21 15:16:35 - core.ai.fingerprint - INFO - Loaded pre-trained fingerprint models.
2026-09-21 15:16:35 - core.ai.trend_predictor - INFO - Loaded pre-trained trend model (pressure).
2026-09-21 15:16:36 - ui.main_window - INFO - MainWindow initialized.
2026-09-21 15:21:55 - ui.main_window - INFO - Application closed.
2026-09-21 15:26:54 - root - INFO - Logging initialized. Log file: logs/ground_station.log
2026-09-21 15:26:54 - root - INFO - Directories verified/created.
2026-09-21 15:26:54 - core.ai.fingerprint - INFO - Loaded pre-trained fingerprint models.
2026-09-21 15:26:54 - core.ai.trend_predictor - INFO - Loaded pre-trained trend model (pressure).
2026-09-21 15:26:55 - ui.main_window - INFO - MainWindow initialized.
2026-09-21 15:27:23 - ui.main_window - INFO - Application closed.
2026-09-21 15:39:56 - root - INFO - Logging initialized. Log file: logs/ground_station.log
2026-09-21 15:39:56 - root - INFO - Directories verified/created.
2026-09-21 15:39:56 - core.ai.fingerprint - INFO - Loaded pre-trained fingerprint models.
2026-09-21 15:39:56 - core.ai.trend_predictor - INFO - Loaded pre-trained trend model (pressure).
2026-09-21 15:39:57 - ui.main_window - INFO - MainWindow initialized.
2026-09-21 15:52:18 - core.hardware.serial_link - INFO - Serial connected: COM5 @ 115200 baud
2026-09-21 15:52:18 - ui.main_window - INFO - Connected to COM5
2026-09-21 15:52:20 - ui.main_window - INFO - Command sent: CXON
2026-09-21 16:09:53 - core.hardware.serial_link - ERROR - Serial read error: ClearCommError failed (PermissionError(13, 'The device does not recognize the command.', None, 22))
2026-09-21 19:54:17 - core.hardware.serial_link - INFO - Serial disconnected: COM5
2026-09-21 19:54:17 - ui.main_window - INFO - Application closed.
2026-09-22 14:55:55 - root - INFO - Logging initialized. Log file: logs/ground_station.log
2026-09-22 14:55:55 - root - INFO - Directories verified/created.
2026-09-22 14:55:56 - core.ai.fingerprint - INFO - Loaded pre-trained fingerprint models.
2026-09-22 14:55:56 - core.ai.trend_predictor - INFO - Loaded pre-trained trend model (pressure).
2026-09-22 14:56:00 - ui.main_window - INFO - MainWindow initialized.
2026-09-22 14:56:49 - ui.main_window - INFO - Application closed.
2026-09-22 15:01:12 - root - INFO - Logging initialized. Log file: logs/ground_station.log
2026-09-22 15:01:12 - root - INFO - Directories verified/created.
2026-09-22 15:01:12 - core.ai.fingerprint - INFO - Loaded pre-trained fingerprint models.
2026-09-22 15:01:12 - core.ai.trend_predictor - INFO - Loaded pre-trained trend model (pressure).
2026-09-22 15:01:17 - ui.main_window - INFO - MainWindow initialized.
2026-09-22 15:03:56 - ui.main_window - INFO - Application closed.
2026-09-22 15:38:10 - root - INFO - Logging initialized. Log file: logs/ground_station.log
2026-09-22 15:38:10 - root - INFO - Directories verified/created.
2026-09-22 15:38:10 - core.ai.fingerprint - INFO - Loaded pre-trained fingerprint models.
2026-09-22 15:38:10 - core.ai.trend_predictor - INFO - Loaded pre-trained trend model (pressure).
2026-09-22 15:38:12 - ui.main_window - INFO - MainWindow initialized.
2026-09-22 15:39:38 - ui.main_window - INFO - Application closed.
